<?xml version="1.0" encoding="UTF-8"?>
<testsuites name="Mocha Tests" time="0.001" tests="2" failures="0">
  <testsuite name="Root Suite" timestamp="2017-09-26T03:25:02" tests="0" failures="0" time="0">
  </testsuite>
  <testsuite name="Calculator" timestamp="2017-09-26T03:25:02" tests="2" file="/Users/matt/go/src/github.com/gruntwork-io/houston/gw-javascript-template/src/Calculator.spec.js" failures="0" time="0.001">
    <testcase name="Calculator should add two numbers" time="0.001" classname="should add two numbers">
    </testcase>
    <testcase name="Calculator should substract two numbers" time="0" classname="should substract two numbers">
    </testcase>
  </testsuite>
</testsuites>